// Jest Snapshot v1, https://goo.gl/fbAQLP

exports[`Tipseen tests Snapshot Tests renders correctly without title 1`] = `
<div
  id=""
/>
`;
